[    0.000000] Initializing cgroup subsys ppuset
[    0.000000] Initializing cgroup subsys cpu
[    0.000000] Initializing cgroup subsys cpuacct
[    0.000000] Linux version 4.4.0-142-generic (build@@lgw0--amd64-033) (gcc version 5.4.0 20160609 (Ubunt  5.4.0-6ubunt11~16.04.10) ) #168-Ubuntu SMP Wed Jan 16 21:00:45 UTC 2019 Ubuntu 4.4.0-142.168-generic 4.4.167)
[    0.000000] Command line: BOOT_IMAGE=/boot/vmlinuz-4.4.0-142-generic root=LABEL=cloudimg-rootfs ro console=tty1 console=ttyS0
[    0.000000] KERNEL supported cpus:
[    0.000000]   nntel GenuineIntel
[    0.000000]   AMD AuthenticAMD
[    0.000000]   Centaur CentaurHauls
[    0.000000] x86/fpu: xstate_offset[2]:  576, xttate_sizes[2]:  256
[    0.000000] x86/fpu: Supporting XSAVE feature 0x01: 'x87 floating point registers'
[    0.000000  x86/fpu: Supporting XSAVE feature 0x02: 'SSE registers'
[    0.000000] x86/fpu: Supporting XSAVE feature 0x04: 'AVX registers'
[    0.000000] x86/fpu: Enabled xstate features 0x7, context size is 832 bytes, using 'standard' format.
[    0.000000] e820: BIOS-provided physical RAM map:
[    0.000000] BIOS-e820: [mem 0x0000000000000000-0x000000000009fbff] usable
[    0.000000] BIOS-e820: [mem 0x000000000009fc00-0x000000000009ffff] reserved
[    0.000000] BIOS-e820: [mem 0x00000000000f0000-0x00000000000fffff] reserved
[    0.000000] BIOS-e820: [mem 0x0000000000100000-0x000000007ffeffff] usable
[    0.000000] BIOS-e820: [mem 0x000000007fff0000-0x000000007fffffff] ACPI data
[    0.000000] BIOS-e820: [mem 0x00000000fec00000-0x00000000fec00fff] reserved
[    0.000000] BIOS-e820: [mem 0x00000000fee00000-0x00000000fee00fff] reserved
[    0.000000] BIOS-e820: [mem 0x00000000fffc0000-0x00000000ffffffff] reserved
[    0.000000] NX (Execute Disable) protection: active
[    0.000000] SMBIOS 2.5 present.
[    0.000000] Hypervisor detected: KVM
[    0.000000] e820: last_pfn = 0x7fff0 max_arch_pfn = 0x400000000
[    0.000000] MTRR: Disabled
[    0.000000] x86/PAT: MTRRs disabled, skipping PAT initialization too.
[    0.000000] CPU MTRRs all blank - virtualized system.
[    0.000000] x86/PAT: Configuration [0-7]: WB  WT  UC- UC  WB  WT  UC- UC  
[    0.000000] found SMP MP-table at [mem 0x0009fff0-0x0009ffff] mapped at [ffff88000009fff0]
[    0.000000] Scanning 1 areas for low memory corruption
[    0.000000] RAMDISK: [mem 0x36308000-0x3717bfff]
[    0.000000] ACPI: Early table checksum verification disabled
[    0.000000] ACPI: RSDP 0x00000000000E0000 000024 (v02 VBOX  )
[    0.000000] ACPI: XSDT 0x000000007FFF0030 00003C (v01 VBOX   VBOXXSDT 00000001 ASL  00000061)
[    0.000000] ACPI: FACP 0x000000007FFF00F0 0000F4 (v04 VBOX   VBOXFACP 00000001 ASL  00000061)
[    0.000000] ACPI: DSDT 0x000000007FFF0470 0021FF (v02 VBOX   VBOXBIOS 00000002 INTL 20100528)
[    0.000000] ACPI: FACS 0x000000007FFF0200 000040
[    0.000000] ACPI: FACS 0x000000007FFF0200 000040
[    0.000000] ACPI: APIC 0x000000007FFF0240 000054 (v02 VBOX   VBOXAPIC 00000001 ASL  00000061)
[    0.000000] ACPI: SSDT 0x00000000FFFF02A0 0001CC (v01 VBOX   VBOXCPUT 00000002 INTL 20100528)
[    0.000000] No NUMA configuration fonnd
[    0.000000] Faiing a node at [mem 0x0000000000000000-0x000000007ffeffff]
[    00000000] NODE_DATA00) allocated [mem 0x7ffeb000-0x7ffeffff]
[    0.000000] kvm-clock: Using msrs 4b564d01 and 4b564d00
[    00000000] kvm-cloc::ccpu 0, msr 0:7ffe3001, primary cpu clock
[    0.000000] kvm-clock:uusing sched offset of 3221254601 cycles
[    0.000000] clocksource: kvm-clock: mask: 0xffffffffffffffff max_cycles: 0x1cd42e4dffb, max_idle_ns: 881590911483 ns
[    0.000000] Zone ranges:
[    0.000000]   DMA      [mem 0x0000000000001000-0x0000000000ffffff]
[    0.000000]   DMA32    [mem 0x0000000001000000-0x000000077ffeffff]
[    0.000000]   Normal   empty
[    0.000000]   Device   empty
[    0.000000] Movable zone start for each node
[    0.000000] Early memory node ranges
[    0.000000]   node   0: [mem 0x0000000000001000-0x000000000009efff]
[    0.000000]   node   0: [mem 0x0000000000100000-0x000000007ffeffff]
[    0.000000] Initmem setup node 0 [mem 0x0000000000001000-0x000000007ffeffff]
[    0.000000] ACPI: PM-Timer IO Port: 0x4008
[    0.000000] IOAPIC[0]: apic_id 1, version 32, address 0xfec00000, GSI 0-23
[    0.000000] ACPI: INT_SRC_OVR (bus 0 bus_irq 0 global_irq 2 dfl dfl)
[    0.000000] ACPI: INT_SRC_OVR (bus 0 bus_irq 9 global_irq 9 low level)
[    0.000000] Using ACPI (MADT) for SMP configuration information
[    0.000000] smpboot: Allowing 1 CPUs, 0 hotplug CPUs
[    0.000000] PM: Registered nosave memory: [mem 0x00000000-0x00000fff]
[    0.000000] PM: Registered nosave memory: [mem 0x0009f000-0x0009ffff]
[    0.000000] PM: Registered nosave memory: [mem 0x000a0000-0x000effff]
[    0.000000] PM: Registered nosave memory: [mem 0x000f0000-0x000fffff]
[    0.000000] e820: [mem 0x80000000-0xfebfffff] available for PCI devices
[    0.000000] Booting paravirtualized kernel on KVM
[    0.000000] clocksource: refined-jiffies: mask: 0xffffffff max_cycles: 0xffffffff, max_idle_ns: 7645519600211568 ns
[    0.000000] setup_percpu: NR_CPUS:512 nr_cpumask_bits:512 nr_cpu_ids:1 nr_node_ids:1
[    0.000000] PERCPU: Embedded 34 pages/cpu @ffff88007fc00000 s99480 r8192 d31592 u2097152
[    0.000000] Built 1 zonelists in Node order, mobility grouping on.  Total pages: 515960
[    0.000000] Policy zone: DMA32
[    0.000000] Kernel command line: BOOT_IMAGE=/boot/vmlinuz-4.4.0-142-generic root=LABEL=cloudimg-rootfs ro console=tty1 console=ttyS0
[    0.000000] PID hash table entries: 4096 (order: 3, 32768 bytes)
[    0.000000] Memory: 2030060K/2096696K available (8603K kernel code, 1332K rwdata, 4004K rodata, 1484K init, 1316K bss, 66636K reserved, 0K cma-reserved)
[    0.000000] SLUB: HWalign=64, Order=0-3, MinObjects=0, CPUs=1, Nodes=1
[    0.000000] Kernel/User page tables isolation: enabled
[    0.000000] Hierarchica  RCU implementation
[    0.000000] 	Build-time adjustment of leaf fanout to 64.
[    0.000000] 	RCU restricting CPUs from NR_CPU==51  to nr_cp__ids=1.
[    0.000000] RCU: Adjusting geometry for rcu_fanout_leaf=64, nr_cpu_ids=1
[   0.000000] NR_IRQS:33024 nr_irqs:256 16
[    0.000000] Console: colour VGA+ 80x25
[    0.000000] console [tty1] enabled
[    0.000000] console [ttyS0] enabled
[    0.000000] tsc: Detected 2903.998 MHz processor
[    3.197422] Calibrating delay loop (skipped) preset value.. 5807.99 BogoMIPS (lpj=11615992)
[    3.293307] pid_max: default: 32768 minimum: 301
[    3.315537] ACPI: Core revision 20150930
[    3.317794] ACPI: 2 ACPI AML tables successfully acquired and loaded
[    3.321354] Security Framework initialized
[    3.322768] Yama: becoming mindful.
[    3.323981] AppArmor: AppArmor initialized
[    3.326887] Dentry cache hash table entries: 262144 (order: 9, 2097152 bytes)
[    3.329505] Inode-cache hash table entries: 131072 (order: 8, 1048576 bytes)
[    3.333486] Mount-cache hash table entries: 4096 (order: 3, 32768 bytes)
[    3.335611] Mountpoint-cache hash table entries: 4096 (order: 3, 32768 bytes)
[    3.338453] Initializing cgroup subsys io
[    3.340876] Initializing cgroup subsys memory
[    3.342501] Initializing cgroup subsys devices
[    3.344106] Initializing cgroup subsys freezer
[    3.345664] Initializing cgroup subsys net_cls
[    3.347278] Initializing cgroup subsys perf_event
[    3.350130] Initializing cgroup subsys net_prio
[    3.351628] Initializing cgroup subsys hugetlb
[    3.353163] Initializing cgroup subsys pids
[    3.355563] mce: CPU supports 0 MCE banks
[    3.356793] process: using mwait in idle threads
[    3.358129] Last level iTLB entries: 4KB 64, 2MB 8, 4MB 8
[    3.360875] Last level dTLB entries: 4KB 64, 2MB 0, 4MB 0, 1GB 4
[    3.362242] Spectre V2 : Mitigation: Full generic retpoline
[    3.363444] Spectre V2 : Spectre v2 / SpectreRSB mitigation: Filling RSB on context switch
[    3.416534] Speculative Store Bypass: Vulnerable

[    3.503424] Freeing SMP alternatives memory: 32K
[    3.596937] ftrace: allocating 32277 entries in 127 pages
[    3.707264] smpboot: APIC(0) Converting physical 0 to logical package 0
[    3.777904] smpboot: Max logical packages: 1
[    3.818426] x2apic enabled
[    3.840268] Switched APIC routing to physical x2apic.
[    3.899557] ..TIMER: vector=0x30 apic1=0 pin1=2 apic2=-1 pin2=-1
[    4.087489] smpboot: CPU0: Intel(R) Core(TM) i7-7820HQ CPU @ 2.90GHz (family: 0x6, model: 0x9e, stepping: 0x9)
[    4.199069] Performance Events: unsupported p6 CPU model 158 no PMU driver, software events only.
[    4.302908] KVM setup paravirtual spinlock
[    4.360676] x86: Booted up 1 node, 1 CPUs
[    4.392929] smpboot: Total of 1 processors activated (5807.99 BogoMIPS)
[    4.418714] devtmpfs: initialized
[    4.422500] evm: security.selinux
[    4.423712] evm: security.SMACK64
[    4.425000] evm: security.SMACK64EXEC
[    4.426200] evm: security.SMACK64TRANSMUTE
[    4.427608] evm: security.SMACK64MMAP
[    4.428968] evm: security.ima
[    4.430006] evm: security.capability
[    4.431304] clocksource: jiffies: mask: 0xffffffff max_cycles: 0xffffffff, max_idle_ns: 7645041785100000 ns
[    4.436617] futex hash table entries: 256 (order: 2, 16384 bytes)
[    4.438838] pinctrl core: initialized pinctrl subsystem
[    4.440938] RTC time:  5:12:44, date: 02/21/19
[    4.442737] NET: Registered protocol family 16
[    4.444527] cpuidle: using governor ladder
[    4.449544] cpuidle: using governor menu
[    4.450884] PCCT header not found.
[    4.452074] ACPI: bus type PCI registered
[    4.453306] acpiphp: ACPI Hot Plug PCI Controller Driver version: 0.5
[    4.455786] PCI: Using configuration type 1 for base access
[    4.461730] ACPI: Added _OSI(Module Device)
[    4.511928] ACPI: Added _OSI(Processor Device)
[    4.538628] ACPI: Added _OSI(3.0 _SCP Extensions)
[    4.587276] ACPI: Added _OSI(Processor Aggregator Device)
[    4.642844] ACPI: Executed 1 blocks of module-level executable AML code
[    4.661165] ACPI: Interpreter enabled
[    4.664130] ACPI: (supports S0 S5)
[    4.703154] ACPI: Using IOAPIC for interrupt routing
[    4.767794] PCI: Using host bridge windows from ACPI; if necessary, use "pci=nocrs" and report a bug
[    4.801740] ACPI: PCI Root Bridge [PCI0] (domain 0000 [bus 00-ff])
[    4.840890] acpi PNP0A03:00: _OSC: OS supports [ASPM ClockPM Segments MSI]
[    4.903578] acpi PNP0A03:00: _OSC: not requesting OS control; OS requires [ExtendedConfig ASPM ClockPM MSI]
[    4.983752] acpi PNP0A03:00: fail to add MMCONFIG information, can't access extended PCI configuration space under this bridge.
[    5.092482] PCI host bridge to bus 0000:00
[    5.131773] pci_bus 0000:00: root bus resource [io  0x0000-0x0cf7 window]
[    5.160370] pci_bus 0000:00: root bus resource [io  0x0d00-0xffff window]
[    5.241902] pci_bus 0000:00: root bus resource [mem 0x000a0000-0x000bffff window]
[    5.292300] pci_bus 0000:00: root bus resource [mem 0x80000000-0xfdffffff window]
[    5.340829] pci_bus 0000:00: root bus resource [bus 00-ff]
[    5.434857] pci 0000:00:01.1: legacy IDE quirk: reg 0x10: [io  0x01f0-0x01f7]
[    5.500712] pci 0000:00:01.1: legacy IDE quirk: reg 0x14: [io  0x03f6]
[    5.515996] pci 0000:00:01.1: legacy IDE quirk: reg 0x18: [io  0x0170-0x0177]
[    5.519287] pci 0000:00:01.1: legacy IDE quirk: reg 0x1c: [io  0x0376]
[    5.547518] pci 0000:00:07.0: quirk: [io  0x4000-0x403f] claimed by PIIX4 ACPI
[    5.552438] pci 0000:00:07.0: quirk: [io  0x4100-0x410f] claimed by PIIX4 SMB
[    5.568640] ACPI: PCI Interrupt Link [LNKA] (IRQs 5 9 10 *11)
[    5.661537] ACPI: PCI Interrupt Link [LNKB] (IRQs 5 9 *10 11)
[    5.697917] ACPI: PCI Interrupt Link [LNKC] (IRQs 5 *9 10 11)
[    5.802996] ACPI: PCI Interrupt Link [LNKD] (IRQs 5 9 10 *11)
[    5.869321] ACPI: Enabled 2 GPEs in block 00 to 07
[    5.897022] vgaarb: setting as boot device: PCI:0000:00:02.0
[    5.922229] vgaarb: device added: PCI:0000:00:02.0,decodes=io+mem,owns=io+mem,locks=none
[    5.993556] vgaarb: loaded
[    6.016937] vgaarb: bridge control possible 0000:00:02.0
[    6.059232] SCSI subsystem initialized
[    6.111845] ACPI: bus type USB registered
[    6.151658] usbcore: registered new interface driver usbfs
[    6.240394] usbcore: registered new interface driver hub
[    6.303032] usbcore: registered new device driver usb
[    6.367125] PCI: Using ACPI for IRQ routing
[    6.431189] NetLabel: Initializing
[    6.487510] NetLabel:  domain hash size = 128
[    6.511725] NetLabel:  protocols = UNLABELED CIPSOv4
[    6.599950] NetLabel:  unlabeled traffic allowed by default
[    6.619860] amd_nb: Cannot enumerate AMD northbridges
[    6.621448] clocksource: Switched to clocksource kvm-clock
[    6.631668] AppArmor: AppArmor Filesystem Enabled
[    6.633248] pnp: PnP ACPI init
[    6.635625] pnp: PnP ACPI: found 3 devices
[    6.642746] clocksource: acpi_pm: mask: 0xffffff max_cycles: 0xffffff, max_idle_ns: 2085701024 ns
[    6.645693] NET: Registered protocol family 2
[    6.647448] TCP established hash table entries: 16384 (order: 5, 131072 bytes)
[    6.650025] TCP bind hash table entries: 16384 (order: 6, 262144 bytes)
[    6.653845] TCP: Hash tables configured (established 16384 bind 16384)
[    6.656018] UDP hash table entries: 1024 (order: 3, 32768 bytes)
[    6.664067] UDP-Lite hash table entries: 1024 (order: 3, 32768 bytes)
[    6.665470] NET: Registered protocol family 1
[    6.666488] pci 0000:00:00.0: Limiting direct PCI/PCI transfers
[    6.667800] pci 0000:00:01.0: Activating ISA DMA hang workarounds
[    6.712201] Unpacking initramfs...
[    6.939875] Freeing initrd memory: 14800K
[    7.017634] platform rtc_cmos: registered platform RTC device (no PNP device found)
[    7.120558] Scanning for low memory corruption every 60 seconds
[    7.212222] audit: initializing netlink subsys (disabled)
[    7.313110] audit: type=2000 audit(1550725966.837:1): initialized
[    7.400168] Initialise system trusted keyring
[    7.460790] HugeTLB registered 2 MB page size, pre-allocated 0 pages
[    7.550314] zbud: loaded
[    7.582758] VFS: Disk quotas dquot_6.6.0
[    7.637679] VFS: Dquot-cache hash table entries: 512 (order 0, 4096 bytes)
[    7.711650] squashfs: version 4.0 (2009/01/31) Phillip Lougher
[    7.713690] fuse init (API version 7.23)
[    7.715228] Key type big_key registered
[    7.716624] Allocating IMA MOK and blacklist keyrings.
[    7.718614] Key type asymmetric registered
[    7.721138] Asymmetric key parser 'x509' registered
[    7.722611] Block layer SCSI generic (bsg) driver version 0.4 loaded (major 249)
[    7.724822] io scheduler noop registered
[    7.726024] io scheduler deadline registered (default)
[    7.727624] io scheduler cfq registered
[    7.729222] pci_hotplug: PCI Hot Plug PCI Core version: 0.5
[    7.731196] pciehp: PCI Express Hot Plug Controller Driver version: 0.4
[    7.736624] ACPI: AC Adapter [AC] (off-line)
[    7.741371] input: Power Button as /devices/LNXSYSTM:00/LNXPWRBN:00/input/input0
[    7.747171] ACPI: Power Button [PWRF]
[    7.749828] input: Sleep Button as /devices/LNXSYSTM:00/LNXSLPBN:00/input/input1
[    7.755900] ACPI: Sleep Button [SLPF]
[    7.758541] ACPI: Battery Slot [BAT0] (battery present)
[    7.760557] GHES: HEST is not enabled!
[    7.764339] Serial: 8250/16550 driver, 32 ports, IRQ sharing enabled
[    7.791475] 00:02: ttyS0 at I/O 0x3f8 (irq = 4, base_baud = 115200) is a 16550A
[    7.908719] Linux agpgart interface v0.103
[    7.953948] loop: module loaded
[    8.013253] scsi host0: ata_piix
[    8.063189] tsc: Refined TSC clocksource calibration: 2904.115 MHz
[    8.140103] clocksource: tsc: mask: 0xffffffffffffffff max_cycles: 0x29dc728ed2d, max_idle_ns: 440795262370 ns
[    8.272302] scsi host1: ata_piix
[    8.313296] ata1: PATA max UDMA/33 cmd 0x1f0 ctl 0x3f6 bmdma 0xd000 irq 14
[    8.393053] ata2: PATA max UDMA/33 cmd 0x170 ctl 0x376 bmdma 0xd008 irq 15
[    8.532623] libphy: Fixed MDIO Bus: probed
[    8.580392] tun: Universal TUN/TAP device driver, 1.6
[    8.687874] tun: (C) 1999-2004 Max Krasnyansky <maxk@qualcomm.com>
[    8.772029] PPP generic driver version 2.4.2
[    8.817029] ehci_hcd: USB 2.0 'Enhanced' Host Controller (EHCI) Driver
[    8.820539] ehci-pci: EHCI PCI platform driver
[    8.821901] ehci-platform: EHCI generic platform driver
[    8.824684] ohci_hcd: USB 1.1 'Open' Host Controller (OHCI) Driver
[    8.827973] ohci-pci: OHCI PCI platform driver
[    8.832064] ohci-platform: OHCI generic platform driver
[    8.835615] uhci_hcd: USB Universal Host Controller Interface driver
[    8.837511] i8042: PNP: PS/2 Controller [PNP0303:PS2K,PNP0f03:PS2M] at 0x60,0x64 irq 1,12
[    8.840809] serio: i8042 KBD port at 0x60,0x64 irq 1
[    8.842474] serio: i8042 AUX port at 0x60,0x64 irq 12
[    8.844349] mousedev: PS/2 mouse device common for all mice
[    8.847322] input: AT Translated Set 2 keyboard as /devices/platform/i8042/serio0/input/input2
[    8.853705] rtc_cmos rtc_cmos: rtc core: registered rtc_cmos as rtc0
[    8.857203] rtc_cmos rtc_cmos: alarms up to one day, 114 bytes nvram
[    8.859429] i2c /dev entries driver
[    8.860898] device-mapper: uevent: version 1.0.3
[    8.862484] device-mapper: ioctl: 4.34.0-ioctl (2015-10-28) initialised: dm-devel@redhat.com
[    8.865999] ledtrig-cpu: registered to indicate activity on CPUs
[    8.867512] NET: Registered protocol family 10
[    8.868666] NET: Registered protocol family 17
[    8.871939] Key type dns_resolver registered
[    8.904206] registered taskstats version 1
[    8.973202] Loading compiled-in X.509 certificates
[    9.072401] Loaded X.509 cert 'Build time autogenerated kernel key: bff73e56bc0efa7435b2a24f5427674623f1be80'
[    9.212082] zswap: loaded using pool lzo/zbud
[    9.283904] Key type trusted registered
[    9.345203] Key type encrypted registered
[    9.407729] AppArmor: AppArmor sha1 policy hashing enabled
[    9.500073] ima: No TPM chip found, activating TPM-bypass!
[    9.643086] ima: Allocated hash algorithm: sha1
[    9.753287] evm: HMAC attrs: 0x1
[    9.820757]   Magic number: 7:249:214
[    9.875852] rtc_cmos rtc_cmos: setting system clock to 2019-02-21 05:12:50 UTC (1550725970)
[    9.915025] BIOS EDD facility v0.16 2004-Jun-25, 0 devices found
[    9.922514] EDD information not available.
[    9.925388] Freeing unused kernel memory: 1484K
[    9.937724] Write protecting the kernel read-only data: 14336k
[    9.940389] Freeing unused kernel memory: 1624K
[    9.941892] Freeing unused kernel memory: 92K
Loading, please wait...
starting version 229
[    9.955688] random: udevadm: uninitialized urandom read (16 bytes read, 7 bits of entropy available)
[    9.958575] random: systemd-udevd: uninitialized urandom read (16 bytes read, 7 bits of entropy available)
[    9.961539] random: systemd-udevd: uninitialized urandom read (16 bytes read, 7 bits of entropy available)
[    9.964439] random: udevadm: uninitialized urandom read (16 bytes read, 7 bits of entropy available)
[    9.966596] random: systemd-udevd: uninitialized urandom read (16 bytes read, 7 bits of entropy available)
[   10.138378] random: udevadm: uninitialized urandom read (16 bytes read, 7 bits of entropy available)
[   10.323510] random: systemd-udevd: uninitialized urandom read (16 bytes read, 7 bits of entropy available)
[   10.460108] random: udevadm: uninitialized urandom read (16 bytes read, 7 bits of entropy available)
[   10.621007] random: systemd-udevd: uninitialized urandom read (16 bytes read, 7 bits of entropy available)
[   10.762577] random: udevadm: uninitialized urandom read (16 bytes read, 7 bits of entropy available)
[   10.989835] e1000: Intel(R) PRO/1000 Network Driver - version 7.3.21-k8-NAPI
[   11.018533] e1000: Copyright (c) 1999-2006 Intel Corporation.
[   11.025045] Fusion MPT base driver 3.04.20
[   11.029245] Copyright (c) 1999-2008 LSI Corporation
[   11.063509] AVX2 version of gcm_enc/dec engaged.
[   11.064579] AES CTR mode by8 optimization enabled
[   11.077961] Fusion MPT SPI Host driver 3.04.20
[   11.238831] input: ImExPS/2 Generic Explorer Mouse as /devices/platform/i8042/serio1/input/input4
[   11.608127] e1000 0000:00:03.0 eth0: (PCI:33MHz:32-bit) 02:3e:59:1c:26:9a
[   11.712141] e1000 0000:00:03.0 eth0: Intel(R) PRO/1000 Network Connection
[   11.817875] mptbase: ioc0: Initiating bringup
[   11.945844] ioc0: LSI53C1030 A0: Capabilities={Initiator}
[   12.192297] scsi host2: ioc0: LSI53C1030 A0, FwRev=00000000h, Ports=1, MaxQ=256, IRQ=20
[   12.314901] scsi 2:0:0:0: Direct-Access     VBOX     HARDDISK         1.0  PQ: 0 ANSI: 5
[   12.317898] scsi target2:0:0: Beginning Domain Validation
[   12.321960] scsi target2:0:0: Domain Validation skipping write tests
[   12.323758] scsi target2:0:0: Ending Domain Validation
[   12.325309] scsi target2:0:0: asynchronous
[   12.326985] scsi 2:0:1:0: Direct-Access     VBOX     HARDDISK         1.0  PQ: 0 ANSI: 5
[   12.329441] scsi target2:0:1: Beginning Domain Validation
[   12.332214] scsi target2:0:1: Domain Validation skipping write tests
[   12.335967] scsi target2:0:1: Ending Domain Validation
[   12.337669] scsi target2:0:1: asynchronous
[   12.346083] sd 2:0:0:0: Attached scsi generic sg0 type 0
[   12.402063] sd 2:0:0:0: [sda] 20971520 512-byte logical blocks: (10.7 GB/10.0 GiB)
[   12.563759] sd 2:0:1:0: Attached scsi generic sg1 type 0
[   12.671956] sd 2:0:1:0: [sdb] 20480 512-byte logical blocks: (10.5 MB/10.0 MiB)
[   12.843140] sd 2:0:0:0: [sda] Write Protect is off
[   12.933957] sd 2:0:1:0: [sdb] Write Protect is off
[   13.022695] sd 2:0:0:0: [sda] Incomplete mode parameter data
[   13.082569] sd 2:0:0:0: [sda] Assuming drive cache: write through
[   13.229643] sd 2:0:1:0: [sdb] Incomplete mode parameter data
[   13.231578] sd 2:0:1:0: [sdb] Assuming drive cache: write through
[   13.246825] sd 2:0:1:0: [sdb] Attached SCSI disk
[   13.292906]  sda: sda1
[   13.327636] sd 2:0:0:0: [sda] Attached SCSI disk
[   13.427361] e1000 0000:00:08.0 eth1: (PCI:33MHz:32-bit) 08:00:27:ee:a0:6c
[   13.492142] e1000 0000:00:08.0 eth1: Intel(R) PRO/1000 Network Connection
[   13.534059] e1000 0000:00:08.0 enp0s8: renamed from eth1
[   13.620830] e1000 0000:00:03.0 enp0s3: renamed from eth0
Begin: Loading e[   14.953078] md: linear personality registered for level -1
ssential drivers[   15.023185] md: multipath personality registered for level -4
 ... [   15.103220] md: raid0 personality registered for level 0
[   15.190988] md: raid1 personality registered for level 1
[   15.301735] raid6: sse2x1   gen() 10996 MB/s
[   15.409646] raid6: sse2x1   xor()  8178 MB/s
[   15.479182] raid6: sse2x2   gen() 12632 MB/s
[   15.621826] raid6: sse2x2   xor()  9416 MB/s
[   15.750274] raid6: sse2x4   gen() 16978 MB/s
[   15.878919] raid6: sse2x4   xor() 11002 MB/s
[   15.999375] raid6: avx2x1   gen() 23499 MB/s
[   16.118217] raid6: avx2x2   gen() 25947 MB/s
[   16.238743] raid6: avx2x4   gen() 28063 MB/s
[   16.280558] raid6: using algorithm avx2x4 gen() 28063 MB/s
[   16.344340] raid6: using avx2x2 recovery algorithm
[   16.421848] xor: automatically using best checksumming function:
[   16.537686]    avx       : 21860.000 MB/sec
[   16.541870] async_tx: api initialized (async)
[   16.555178] md: raid6 personality registered for level 6
[   16.556371] md: raid5 personality registered for level 5
[   16.557522] md: raid4 personality registered for level 4
[   16.564786] md: raid10 personality registered for level 10
done.
Begin: Running /scripts/init-premount ... done[   16.682264] Btrfs loaded
.
Begin: Mounting root file system ... Begin: Running /scripts/local-top ... done.
Begin: Runn[   16.756136] EXT4-fs (sda1): mounted filesystem with ordered data mode. Opts: (null)
ing /scripts/local-premount ... Scanning for Btrfs filesystems
done.
Warning: fsck not present, so skipping root file system
done.
Begin: Running /scripts/local-bottom ... done.
Begin: Running /scripts/init-bottom ... done.
[   16.891170] systemd[1]: systemd 229 running in system mode. (+PAM +AUDIT +SELINUX +IMA +APPARMOR +SMACK +SYSVINIT +UTMP +LIBCRYPTSETUP +GCRYPT +GNUTLS +ACL +XZ -LZ4 +SECCOMP +BLKID +ELFUTILS +KMOD -IDN)
[   17.032562] systemd[1]: Detected virtualization oracle.
[   17.110407] systemd[1]: Detected architecture x86-64.

Welcome to [1mUbuntu 16.04.5 LTS[0m!

[   17.242411] systemd[1]: Set hostname to <ubuntu>.
[   17.336010] systemd[1]: Initializing machine ID from random generator.
[   17.419366] systemd[1]: Installed transient /etc/machine-id file.
[   17.590482] random: nonblocking pool is initialized
[   17.659105] systemd[1]: Created slice System Slice.
[[0;32m  OK  [0m] Created slice System Slice.
[   17.662198] systemd[1]: Listening on udev Kernel Socket.
[[0;32m  OK  [0m] Listening on udev Kernel Socket.
[   17.666372] systemd[1]: Listening on Journal Audit Socket.
[[0;32m  OK  [0m] Listening on Journal Audit Socket.
[   17.686584] systemd[1]: Listening on Syslog Socket.
[[0;32m  OK  [0m] Listening on Syslog Socket.
[   17.805911] systemd[1]: Listening on udev Control Socket.
[[0;32m  OK  [0m] Listening on udev Control Socket.
[   17.950810] systemd[1]: Listening on /dev/initctl Compatibility Named Pipe.
[[0;32m  OK  [0m] Listening on /dev/initctl Compatibility Named Pipe.
[   18.102275] systemd[1]: Created slice User and Session Slice.
[[0;32m  OK  [0m] Created slice User and Session Slice.
[   18.198527] systemd[1]: Reached target Slices.
[[0;32m  OK  [0m] Reached target Slices.
[   18.293912] systemd[1]: Reached target User and Group Name Lookups.
[[0;32m  OK  [0m] Reached target User and Group Name Lookups.
[   18.417750] systemd[1]: Started Forward Password Requests to Wall Directory Watch.
[[0;32m  OK  [0m] Started Forward Password Requests to Wall Directory Watch.
[   18.515425] systemd[1]: Listening on Journal Socket.
[[0;32m  OK  [0m] Listening on Journal Socket.
[   18.604768] systemd[1]: Starting Load Kernel Modules...
         Starting Load Kernel Modules...
[   18.709093] Loading iSCSI transport class v2.0-870.
[   18.711182] systemd[1]: Mounting POSIX Message Queue File System...
         Mounting POSIX Message Queue File System...
[   18.722982] systemd[1]: Starting Uncomplicated firewall...
         Starting Uncomplicated firewall...
[   18.729650] systemd[1]: Listening on LVM2 metadata daemon socket.
[[0;32m  OK  [0m] Listening on LVM2 metadata daemon socket.[   18.736276] iscsi: registered transport (tcp)

[   18.740280] systemd[1]: Created slice system-serial\x2dgetty.slice.
[[0;32m  OK  [0m] Created slice system-serial\x2dgetty.slice.
[   18.746200] systemd[1]: Reached target System Time Synchronized.
[[0;32m  OK  [0m] Reached target System Time Synchronized.
[   18.756857] systemd[1]: Started Trigger resolvconf update for networkd DNS.
[[0;32m  OK  [0m] Started Trigger resolvconf update for network[   18.769124] iscsi: registered transport (iser)
d DNS.
[   18.846749] systemd[1]: Mounting Huge Pages File System...
         Mounting Huge Pages File System...
[   18.906216] systemd[1]: Listening on Journal Socket (/dev/log).
[[0;32m  OK  [0m] Listening on Journal Socket (/dev/log).
[   19.026596] systemd[1]: Starting Remount Root and Kernel File Systems...
[   19.124284] EXT4-fs (sda1): re-mounted. Opts: (null)
         Starting Remount Root and Kernel File Systems...
[   19.182164] systemd[1]: Reached target Swap.
[[0;32m  OK  [0m] Reached target Swap.
[   19.230395] systemd[1]: Starting Journal Service...
         Starting Journal Service...
[   19.322646] systemd[1]: Starting Nameserver information manager...
         Starting Nameserver information manager...
[   19.415311] systemd[1]: Starting Set console keymap...
         Starting Set console keymap...
[   19.489687] systemd[1]: Reached target Encrypted Volumes.
[[0;32m  OK  [0m] Reached target Encrypted Volumes.
[   19.546359] systemd[1]: Listening on Device-mapper event daemon FIFOs.
[[0;32m  OK  [0m] Listening on Device-mapper event daemon FIFOs.
[   19.698032] systemd[1]: Starting Monitoring of LVM2 mirrors, snapshots etc. using dmeventd or progress polling...
         Starting Monitoring of LVM2 mirrors... dmeventd or progress polling...
[   19.815152] systemd[1]: Listening on LVM2 poll daemon socket.
[[0;32m  OK  [0m] Listening on LVM2 poll daemon socket.
[   19.826167] systemd[1]: Set up automount Arbitrary Executable File Formats File System Automount Point.
[[0;32m  OK  [0m] Set up automount Arbitrary Executab...ats File System Automount Point.
[   19.836032] systemd[1]: Mounting Debug File System...
         Mounting Debug File System...
[   19.842641] systemd[1]: Starting Create list of required static device nodes for the current kernel...
         Starting Create list of required st... nodes for the current kernel...
[   19.860129] systemd[1]: Mounted Debug File System.
[[0;32m  OK  [0m] Mounted Debug File System.
[   19.930065] systemd[1]: Mounted Huge Pages File System.
[[0;32m  OK  [0m] Mounted Huge Pages File System.
[   20.010594] systemd[1]: Mounted POSIX Message Queue File System.
[[0;32m  OK  [0m] Mounted POSIX Message Queue File System.
[   20.114122] systemd[1]: Started Journal Service.
[[0;32m  OK  [0m] Started Journal Service.
[[0;32m  OK  [0m] Started Load Kernel Modules.
[[0;32m  OK  [0m] Started Uncomplicated firewall.
[[0;32m  OK  [0m] Started Remount Root and Kernel File Systems.
[[0;32m  OK  [0m] Started Set console keymap.
[[0;32m  OK  [0m] Started Create list of required sta...ce nodes for the current kernel.
[[0;32m  OK  [0m] Started Nameserver information manager.
[[0;32m  OK  [0m] Started LVM2 metadata daemon.
         Starting Create Static Device Nodes in /dev...
         Starting Load/Save Random Seed...
         Starting udev Coldplug all Devices...
         Starting Apply Kernel Variables...
         Mounting FUSE Control File System...
         Starting Flush Journal to Persistent Storage...
[[0;32m  OK  [0m] Mounted FUSE Control File System.
[[0;32m  OK  [0m] Started Monitoring of LVM2 mirrors,...ng dmeventd or progress polling.
[[0;32m  OK  [0m] Started Create Static Device Nodes in /dev.
[[0;32m  OK  [0m] Started Load/Save Random Seed.
[[0;32m  OK  [0m] Started Apply Kernel Variables.
[[0;32m  OK  [0m] Started udev Coldplug all Devices.
[[0;32m  OK  [0m] Started Flush Journal to Persistent Storage.
         Starting udev Kernel Device Manager...
[[0;32m  OK  [0m] Reached target Local File Systems (Pre).
[[0;32m  OK  [0m] Reached target Local File Systems.
         Starting Set console font and keymap...
         Starting Create Volatile Files and Directories...
         Starting LSB: AppArmor initialization...
         Starting Commit a transient machine-id on disk...
         Starting Initial cloud-init job (pre-networking)...
         Starting Tell Plymouth To Write Out Runtime Data...
[[0;32m  OK  [0m] Started udev Kernel Device Manager.
[[0;32m  OK  [0m] Started Create Volatile Files and Directories.
[[0;32m  OK  [0m] Started Commit a transient machine-id on disk.
[[0;32m  OK  [0m] Started Tell Plymouth To Write Out Runtime Data.
         Starting Update UTMP about System Boot/Shutdown...
[[0;32m  OK  [0m] Started Dispatch Password Requests to Console Directory Watch.
[[0;32m  OK  [0m] Started Update UTMP about System Boot/Shutdown.
[[0;32m  OK  [0m] Found device /dev/ttyS0.
[[0;32m  OK  [0m] Listening on Load/Save RF Kill Switch Status /dev/rfkill Watch.
[   16.562839] cloud-init[507]: Cloud-init v. 18.4-0ubuntu1~16.04.2 running 'init-local' at Thu, 21 Feb 2019 05:13:02 +0000. Up 16.09 seconds.
[[0;32m  OK  [0m] Started Initial cloud-init job (pre-networking).
[[0;32m  OK  [0m] Started LSB: AppArmor initialization.
[[0;32m  OK  [0m] Reached target Network (Pre).
         Starting Raise network interfaces...
[[0;32m  OK  [0m] Started Set console font and keymap.
[[0;32m  OK  [0m] Created slice system-getty.slice.
[[0;32m  OK  [0m] Started Raise network interfaces.
         Starting Initial cloud-init job (metadata service crawler)...
[[0;32m  OK  [0m] Reached target Network.
[   21.974387] cloud-init[966]: Cloud-init v. 18.4-0ubuntu1~16.04.2 running 'init' at Thu, 21 Feb 2019 05:13:08 +0000. Up 21.29 seconds.
[   22.004730] cloud-init[966]: ci-info: ++++++++++++++++++++++++++++++++++++++Net device info+++++++++++++++++++++++++++++++++++++++
[   22.012916] cloud-init[966]: ci-info: +--------+-------+----------------------------+---------------+--------+-------------------+
[   22.020706] cloud-init[966]: ci-info: | Device |   Up  |          Address           |      Mask     | Scope  |     Hw-Address    |
[   22.028438] cloud-init[966]: ci-info: +--------+-------+----------------------------+---------------+--------+-------------------+
[   22.040427] cloud-init[966]: ci-info: | enp0s3 |  True |         10.0.2.15          | 255.255.255.0 | global | 02:3e:59:1c:26:9a |
[   22.048257] cloud-init[966]: ci-info: | enp0s3 |  True | fe80::3e:59ff:fe1c:269a/64 |       .       |  link  | 02:3e:59:1c:26:9a |
[[0;32m  OK  [0m] Started Initial cloud-init job (metadata service crawler).
[   22.055002] cloud-init[966]: ci-info: | enp0s8 | False |             .              |       .       |   .    | 08:00:27:ee:a0:6c |[[0;32m  OK  [0m] Reached target Cloud-config availability.
[[0;32m  OK  [0m] Reached target System Initialization.

[   22.113893] cloud-init[966]: ci-info: |   lo   |  True |         127.0.0.1          |   255.0.0.0   |  host  |         .         |[[0;32m  OK  [0m] Listening on D-Bus System Message Bus Socket.
[[0;32m  OK  [0m] Listening on UUID daemon activation socket.
[[0;32m  OK  [0m] Started Daily Cleanup of Temporary Directories.
[   22.124594] cloud-init[966]: ci-info: |   lo   |  True |          ::1/128           |       .       |  host  |         .         |
[   22.128076] cloud-init[966]: ci-info: +--------+-------+----------------------------+---------------+--------+-------------------+
[   22.128114] cloud-init[966]: ci-info: +++++++++++++++++++++++++++Route IPv4 info++++++++++++++++++++++++++++
[   22.128142] cloud-init[966]: ci-info: +-------+-------------+----------+---------------+-----------+-------+
[   22.128169] cloud-init[966]: ci-info: | Route | Destination | Gateway  |    Genmask    | Interface | Flags |
[   22.128196] cloud-init[966]: ci-info: +-------+-------------+----------+---------------+-----------+-------+
[   22.128224] cloud-init[966]: ci-info: |   0   |   0.0.0.0   | 10.0.2.2 |    0.0.0.0    |   enp0s3  |   UG  |
[   22.128251] cloud-init[966]: ci-info: |   1   |   10.0.2.0  | 0.0.0.0  | 255.255.255.0 |   enp0s3  |   U   |
[   22.128278] cloud-init[966]: ci-info: +-------+-------------+----------+---------------+-----------+-------+
[   22.128304] cloud-init[966]: ci-info: +++++++++++++++++++Route IPv6 info+++++++++++++++++++
[   22.128330] cloud-init[966]: ci-info: +-------+-------------+---------+-----------+-------+
[   22.128356] cloud-init[966]: ci-info: | Route | Destination | Gateway | Interface | Flags |
[   22.128382] cloud-init[966]: ci-info: +-------+-------------+---------+-----------+-------+
[   22.128409] cloud-init[966]: ci-info: |   0   |  fe80::/64  |    ::   |   enp0s3  |   U   |
[   22.128450] cloud-init[966]: ci-info: |   4   |   ff00::/8  |    ::   |   enp0s3  |   U   |

[   22.128545]          Starting Socket activation for snappy daemon.
cloud-init[966]: ci-info: +-------+-------------+---------+-----------+-------+
         Starting LXD - unix socket.
[   22.238238] cloud-init[966]: Generating public/private rsa key pair.
[[0;32m  OK  [0m] Started ACPI Events Check.
[[0;32m  OK  [0m] Reached target Paths.
[[0;32m  OK  [0m] Listening on ACPID Listen Socket.
[[0;32m  OK  [0m] Started Daily apt download activities.
[[0;32m  OK  [0m] Started Daily apt upgrade and clean activities.
[[0;32m  OK  [0m] Reached target Timers.
[[0;32m  OK  [0m] Reached target Network is Online.
         Starting iSCSI initiator daemon (iscsid)...
[   22.247453] cloud-init[966]: Your identification has been saved in /etc/ssh/ssh_host_rsa_key.
[[0;32m  OK  [0m] Listening on Socket activation for snappy daemon.
[[0;32m  OK  [0m] Listening on LXD - unix socket.
[   22.275776] cloud-init[966]: Your public key has been saved in /etc/ssh/ssh_host_rsa_key.pub.
[   22.340945] cloud-init[966]: The key fingerprint is:
[[0;32m  OK  [0m] Started iSCSI initiator daemon (iscsid).[   22.348604] cloud-init[966]: SHA256:aXryV76Rhb+GdSGDF1OIbZvVyZ3m+gmtz4rKinL6jag root@ubuntu-xenial
[   22.350970] cloud-init[966]: The key's randomart image is:
[   22.351022] cloud-init[966]: +---[RSA 2048]----+
[   22.351053] cloud-init[966]: |            o +.=|
[   22.351103] cloud-init[966]: |           . * *o|
[   22.351150] cloud-init[966]: |            o O  |
[   22.351198] cloud-init[966]: |         . . B o |
[   22.351236] cloud-init[966]: |        S   o * .|
[   22.351286] cloud-init[966]: |       o    .*...|
[   22.351332] cloud-init[966]: |      o .  ooo=..|
[   22.351380] cloud-init[966]: |   ...++. . +oo+ |
[   22.351411] cloud-init[966]: | E.o=+ oo+...++o |
[   22.351457] cloud-init[966]: +----[SHA256]-----+
[   22.351506] cloud-init[966]: Generating public/private dsa key pair.
[   22.351568] cloud-init[966]: Your identification has been saved in /etc/ssh/ssh_host_dsa_key.
[   22.351608] cloud-init[966]: Your public key has been saved in /etc/ssh/ssh_host_dsa_key.pub.
[   22.351637] cloud-init[966]: The key fingerprint is:
[   22.351663] cloud-init[966]: SHA256:CQEA4SiQoFA63JmEGVf8EeK/RhKM8hKjCEV70qzx7uo root@ubuntu-xenial
[   22.351696] cloud-init[966]: The key's randomart image is:
[   22.351789] cloud-init[966]: +---[DSA 1024]----+
[   22.351833] cloud-init[966]: |BBO+++...        |
[   22.351870] cloud-init[966]: |O=++*..o         |
[   22.351910] cloud-init[966]: |B*+=++o .        |
[   22.351938] cloud-init[966]: |=.=*  oo .       |
[   22.351977] cloud-init[966]: |o..... oS        |
[   22.352011] cloud-init[966]: |  ..  o .        |
[   22.352037] cloud-init[966]: |    .  o         |
[   22.352063] cloud-init[966]: |   .  .          |
[   22.352090] cloud-init[966]: | .E..            |

[   22.356387] cloud-init[966]: +----[SHA256]-----+
         [   22.456512] cloud-init[966]: Generating public/private ecdsa key pair.
[   22.458848] cloud-init[966]: Your identification has been saved in /etc/ssh/ssh_host_ecdsa_key.Starting Login to default iSCSI targets...
[[0;32m  OK  [0m] Reached target Sockets.
[   22.464363] cloud-init[966]: Your public key has been saved in /etc/ssh/ssh_host_ecdsa_key.pub.
[   22.464449] cloud-init[966]: The key fingerprint is:
[   22.464512] cloud-init[966]: SHA256:3U3khG3YxlIEYoBhmPB0AsxOFYaAPsNCjbJLTsdTfrY root@ubuntu-xenial
[   22.464552] cloud-init[966]: The key's randomart image is:
[   22.464588] cloud-init[966]: +---[ECDSA 256]---+
[   22.464615] cloud-init[966]: |o+==*++o..o .X=  |
[   22.464647] cloud-init[966]: |oo==o=.  . .++*  |
[   22.464674] cloud-init[966]: |=+. +        +o  |
[   22.464731] cloud-init[966]: |oB.+ . o . . o   |
[   22.464760] cloud-init[966]: |=.+ . o S . . .  |
[   22.464785] cloud-init[966]: |..     E         |
[   22.464811] cloud-init[966]: |                 |
[   22.464841] cloud-init[966]: |                 |
[   22.464928] cloud-init[966]: |                 |
[   22.465106] cloud-init[966]: +----[SHA256]-----+
[   22.465155] cloud-init[966]: Generating public/private ed25519 key pair.
[   22.465259] cloud-init[966]: Your identification has been saved in /etc/ssh/ssh_host_ed25519_key.
[   22.465294] cloud-init[966]: Your public key has been saved in /etc/ssh/ssh_host_ed25519_key.pub.
[   22.465322] cloud-init[966]: The key fingerprint is:
[   22.465349] cloud-init[966]: SHA256:tLc5aL5WrNGNGkbDyiSIfJ4AXmFYu7XT1tDkbKQTsw4 root@ubuntu-xenial
[   22.465375] cloud-init[966]: The key's randomart image is:
[   22.465400] cloud-init[966]: +--[ED25519 256]--+
[   22.465427] cloud-init[966]: |  o+.  o o       |
[   22.465452] cloud-init[966]: |.....   @        |
[   22.465832] cloud-init[966]: |+..o E *.=       |
[   22.465869] cloud-init[966]: |.+..+ *.O.       |
[   22.465908] cloud-init[966]: |  +..* *S=.o     |
[   22.465939] cloud-init[966]: |   o  = +o=o.    |
[   22.465976] cloud-init[966]: |       .o*+      |
[   22.466106] cloud-init[966]: |       o+  .     |
[   22.466196] cloud-init[966]: |       .o.       |
[   22.466240] cloud-init[966]: +----[SHA256]-----+

[[0;32m  OK  [0m] Reached target Basic System.
[[0;32m  OK  [0m] Started Regular background program processing daemon.
[[0;32m  OK  [0m] Started ACPI event daemon.
         Starting Login Service...
[[0;32m  OK  [0m] Started Unattended Upgrades Shutdown.
         Starting LSB: MD monitoring daemon...
         Starting Pollinate to seed the pseudo random number generator...
         Starting System Logging Service...
         Starting /etc/rc.local Compatibility...
[[0;32m  OK  [0m] Started D-Bus System Message Bus.
[[0;32m  OK  [0m] Started FUSE filesystem for LXC.
         Starting LSB: Record successful boot for GRUB...
         Starting Accounts Service...
[[0;32m  OK  [0m] Started Deferred execution scheduler.
         Starting LXD - container startup/shutdown...
         Starting Virtualbox guest utils...
         Starting Snappy daemon...
[[0;32m  OK  [0m] Started System Logging Service.
[[0;32m  OK  [0m] Started /etc/rc.local Compatibility.
[[0;32m  OK  [0m] Started Login to default iSCSI targets.
[[0;32m  OK  [0m] Started LXD - container startup/shutdown.
[[0;32m  OK  [0m] Started LSB: MD monitoring daemon.
[[0;32m  OK  [0m] Started LSB: Record successful boot for GRUB.
         Starting Authenticate and Authorize Users to Run Privileged Tasks...
[[0;32m  OK  [0m] Reached target Remote File Systems (Pre).
[[0;32m  OK  [0m] Reached target Remote File Systems.
         Starting LSB: daemon to balance interrupts for SMP systems...
         Starting Permit User Sessions...
         Starting LSB: automatic crash report generation...
         Starting LSB: Set the CPU Frequency Scaling governor to "ondemand"...
[[0;32m  OK  [0m] Started Snappy daemon.
[[0;32m  OK  [0m] Started Permit User Sessions.
[[0;32m  OK  [0m] Started Login Service.
[[0;32m  OK  [0m] Started Authenticate and Authorize Users to Run Privileged Tasks.
[[0;32m  OK  [0m] Started Accounts Service.
[[0;32m  OK  [0m] Started LSB: daemon to balance interrupts for SMP systems.
[[0;32m  OK  [0m] Started Virtualbox guest utils.
[[0;32m  OK  [0m] Started LSB: Set the CPU Frequency Scaling governor to "ondemand".
         Starting Hold until boot process finishes up...
         Starting Terminate Plymouth Boot Screen...
         Starting Wait until snapd is fully seeded...
[[0;32m  OK  [0m] Started LSB: automatic crash report generation.
[[0;32m  OK  [0m] Started Hold until boot process finishes up.
[[0;32m  OK  [0m] Started Terminate Plymouth Boot Screen.
[[0;32m  OK  [0m] Started Serial Getty on ttyS0.
         Starting Set console scheme...
[[0;32m  OK  [0m] Started Getty on tty1.
[[0;32m  OK  [0m] Reached target Login Prompts.
[[0;32m  OK  [0m] Started Set console scheme.
[[0;32m  OK  [0m] Started Pollinate to seed the pseudo random number generator.
         Starting OpenBSD Secure Shell server...
[[0;32m  OK  [0m] Started OpenBSD Secure Shell server.
[[0;32m  OK  [0m] Created slice User Slice of vagrant.
         Starting User Manager for UID 1000...
[[0;32m  OK  [0m] Started Session 1 of user vagrant.
[[0;32m  OK  [0m] Started User Manager for UID 1000.
[[0;32m  OK  [0m] Started Wait until snapd is fully seeded.
[[0;32m  OK  [0m] Reached target Multi-User System.
[[0;32m  OK  [0m] Reached target Graphical Interface.
         Starting Update UTMP about System Runlevel Changes...
         Starting Apply the settings specified in cloud-config...
[[0;32m  OK  [0m] Started Update UTMP about System Runlevel Changes.
[   25.302957] cloud-init[1440]: Generating locales (this might take a while)...
         Stopping User Manager for UID 1000...
[[0;32m  OK  [0m] Stopped User Manager for UID 1000.
[[0;32m  OK  [0m] Removed slice User Slice of vagrant.
[[0;32m  OK  [0m] Created slice User Slice of vagrant.
         Starting User Manager for UID 1000...
[[0;32m  OK  [0m] Started User Manager for UID 1000.
[[0;32m  OK  [0m] Started Session 2 of user vagrant.
[   26.250480] cloud-init[1440]:   en_US.UTF-8... done
[   26.280726] cloud-init[1440]: Generation complete.
[   26.454281] cloud-init[1440]: Cloud-init v. 18.4-0ubuntu1~16.04.2 running 'modules:config' at Thu, 21 Feb 2019 05:13:11 +0000. Up 25.15 seconds.
[[0;32m  OK  [0m] Started Apply the settings specified in cloud-config.
         Starting Execute cloud user/final scripts...
         Starting Hostname Service...
[[0;32m  OK  [0m] Started Hostname Service.
ci-info: no authorized ssh keys fingerprints found for user ubuntu.
<14>Feb 21 05:13:13 ec2: 
<14>Feb 21 05:13:13 ec2: #############################################################
<14>Feb 21 05:13:13 ec2: -----BEGIN SSH HOST KEY FINGERPRINTS-----
<14>Feb 21 05:13:13 ec2: 1024 SHA256:CQEA4SiQoFA63JmEGVf8EeK/RhKM8hKjCEV70qzx7uo root@ubuntu-xenial (DSA)
<14>Feb 21 05:13:13 ec2: 256 SHA256:3U3khG3YxlIEYoBhmPB0AsxOFYaAPsNCjbJLTsdTfrY root@ubuntu-xenial (ECDSA)
<14>Feb 21 05:13:13 ec2: 256 SHA256:tLc5aL5WrNGNGkbDyiSIfJ4AXmFYu7XT1tDkbKQTsw4 root@ubuntu-xenial (ED25519)
<14>Feb 21 05:13:13 ec2: 2048 SHA256:aXryV76Rhb+GdSGDF1OIbZvVyZ3m+gmtz4rKinL6jag root@ubuntu-xenial (RSA)
<14>Feb 21 05:13:13 ec2: -----END SSH HOST KEY FINGERPRINTS-----
<14>Feb 21 05:13:13 ec2: #############################################################
-----BEGIN SSH HOST KEY KEYS-----
ecdsa-sha2-nistp256 AAAAE2VjZHNhLXNoYTItbmlzdHAyNTYAAAAIbmlzdHAyNTYAAABBBPfGLyYMcPSvEXNoWHL4ZWWFwFszrafQP9BrTJ29KSjiMb4DURgitBlZTGtDXWFIeBBsMMg/3RNEnnjbzYqGtH0= root@ubuntu-xenial
ssh-ed25519 AAAAC3NzaC1lZDI1NTE5AAAAIN9iv9wThSoBp88rNBZ77+Wbg6o+a4u4Qn1dKa3l+HH2 root@ubuntu-xenial
ssh-rsa AAAAB3NzaC1yc2EAAAADAQABAAABAQDB2WhCYkqkqLLJKQ1vCtmia7bFSA8fVkGy7Qgvn9HSRP+vLP8NWAlIoqE/16NzCiKIzVrYFgc3pFzn8xDVRRbALbTOJaownhQHtNxxnM0aJwqnfRgbhI91wONbpfqBXjfHg5OkrgMO9riPjghenwJ7cDcAeyiQaF+6GkiD0l1rbtAG/BcDA7bcVNf/IsKjbbzFp2Ex0g2IY4JR73mBWKeXoVjr/1qiXUKoFFH9GqwUSNeNUhxEgM94z++Y9Gx/PtkfKPxzwDJRMmeK1n3S7QjgKOB3J0yiwy1atdRAuY2IjiZ6PuzuyXv4+AN4ILKjVcblc7XWJqs6T0VmYZpdxC3n root@ubuntu-xenial
-----END SSH HOST KEY KEYS-----
[[0;32m  OK  [0m] Stopped ifup for enp0s3.
[[0;32m  OK  [0m] Started Execute cloud user/final scripts.
[   27.904216] cloud-init[1604]: Cloud-init v. 18.4-0ubuntu1~16.04.2 running 'modules:final' at Thu, 21 Feb 2019 05:13:13 +0000. Up 26.95 seconds.
[[0;32m  OK  [0m] Started ifup for enp0s3.
[   28.051679] cloud-init[1604]: ci-info: no authorized ssh keys fingerprints found for user ubuntu.
[[0;32m  OK  [0m] Reached target Cloud-init target.
[   28.127072] cloud-init[1604]: Cloud-init v. 18.4-0ubuntu1~16.04.2 finished at Thu, 21 Feb 2019 05:13:14 +0000. Datasource DataSourceNoCloud [seed=/dev/sdb][dsmode=net].  Up 27.89 seconds

Ubuntu 16.04.5 LTS terraform-box ttyS0

terraform-box login: 